.next/dev/types/validator.ts(53,39): error TS2307: Cannot find module '../../../src/app/history/page.js' or its corresponding type declarations.
.next/dev/types/validator.ts(62,39): error TS2307: Cannot find module '../../../src/app/page.js' or its corresponding type declarations.
.next/dev/types/validator.ts(71,39): error TS2307: Cannot find module '../../../src/app/results/page.js' or its corresponding type declarations.
.next/dev/types/validator.ts(80,39): error TS2307: Cannot find module '../../../src/app/review/page.js' or its corresponding type declarations.
.next/dev/types/validator.ts(89,39): error TS2307: Cannot find module '../../../src/app/settings/page.js' or its corresponding type declarations.
.next/dev/types/validator.ts(98,39): error TS2307: Cannot find module '../../../src/app/suggestions/page.js' or its corresponding type declarations.
.next/dev/types/validator.ts(107,39): error TS2307: Cannot find module '../../../src/app/api/analyze/route.js' or its corresponding type declarations.
.next/dev/types/validator.ts(116,39): error TS2307: Cannot find module '../../../src/app/api/apply/route.js' or its corresponding type declarations.
.next/dev/types/validator.ts(125,39): error TS2307: Cannot find module '../../../src/app/api/chat/route.js' or its corresponding type declarations.
.next/dev/types/validator.ts(134,39): error TS2307: Cannot find module '../../../src/app/api/export/route.js' or its corresponding type declarations.
.next/dev/types/validator.ts(143,39): error TS2307: Cannot find module '../../../src/app/api/organize/route.js' or its corresponding type declarations.
.next/dev/types/validator.ts(152,39): error TS2307: Cannot find module '../../../src/app/api/scan/route.js' or its corresponding type declarations.
.next/dev/types/validator.ts(161,39): error TS2307: Cannot find module '../../../src/app/api/undo-check/route.js' or its corresponding type declarations.
.next/dev/types/validator.ts(170,39): error TS2307: Cannot find module '../../../src/app/api/undo/route.js' or its corresponding type declarations.
.next/dev/types/validator.ts(183,39): error TS2307: Cannot find module '../../../src/app/layout.js' or its corresponding type declarations.
src/app/(app)/api/organize/route.ts(38,77): error TS2339: Property 'fallbackUsed' does not exist on type 'GeminiResponse'.
src/app/(app)/api/organize/route.ts(83,30): error TS2339: Property 'fallbackUsed' does not exist on type 'GeminiResponse'.
